------------------------------------------------------------
Timing Analyzer Summary
------------------------------------------------------------

Type  : Slow 1100mV 85C Model Setup 'clock'
Slack : -2.314
TNS   : -423.141

Type  : Slow 1100mV 85C Model Hold 'clock'
Slack : 0.291
TNS   : 0.000

Type  : Slow 1100mV 85C Model Recovery 'clock'
Slack : -1.128
TNS   : -70.125

Type  : Slow 1100mV 85C Model Removal 'clock'
Slack : 0.581
TNS   : 0.000

Type  : Slow 1100mV 85C Model Minimum Pulse Width 'clock'
Slack : -0.394
TNS   : -124.181

Type  : Slow 1100mV 0C Model Setup 'clock'
Slack : -2.268
TNS   : -419.200

Type  : Slow 1100mV 0C Model Hold 'clock'
Slack : 0.275
TNS   : 0.000

Type  : Slow 1100mV 0C Model Recovery 'clock'
Slack : -1.078
TNS   : -63.994

Type  : Slow 1100mV 0C Model Removal 'clock'
Slack : 0.535
TNS   : 0.000

Type  : Slow 1100mV 0C Model Minimum Pulse Width 'clock'
Slack : -0.394
TNS   : -133.445

Type  : Fast 1100mV 85C Model Setup 'clock'
Slack : -0.910
TNS   : -141.171

Type  : Fast 1100mV 85C Model Hold 'clock'
Slack : 0.167
TNS   : 0.000

Type  : Fast 1100mV 85C Model Recovery 'clock'
Slack : -0.252
TNS   : -6.877

Type  : Fast 1100mV 85C Model Removal 'clock'
Slack : 0.310
TNS   : 0.000

Type  : Fast 1100mV 85C Model Minimum Pulse Width 'clock'
Slack : -0.091
TNS   : -20.792

Type  : Fast 1100mV 0C Model Setup 'clock'
Slack : -0.763
TNS   : -115.018

Type  : Fast 1100mV 0C Model Hold 'clock'
Slack : 0.152
TNS   : 0.000

Type  : Fast 1100mV 0C Model Recovery 'clock'
Slack : -0.153
TNS   : -3.861

Type  : Fast 1100mV 0C Model Removal 'clock'
Slack : 0.278
TNS   : 0.000

Type  : Fast 1100mV 0C Model Minimum Pulse Width 'clock'
Slack : -0.088
TNS   : -20.353

------------------------------------------------------------
