------------------------------------------------------------
Timing Analyzer Summary
------------------------------------------------------------

Type  : Slow 1100mV 85C Model Setup 'clock'
Slack : -2.124
TNS   : -173.332

Type  : Slow 1100mV 85C Model Hold 'clock'
Slack : 0.239
TNS   : 0.000

Type  : Slow 1100mV 85C Model Minimum Pulse Width 'clock'
Slack : -0.394
TNS   : -56.773

Type  : Slow 1100mV 0C Model Setup 'clock'
Slack : -2.090
TNS   : -170.929

Type  : Slow 1100mV 0C Model Hold 'clock'
Slack : 0.219
TNS   : 0.000

Type  : Slow 1100mV 0C Model Minimum Pulse Width 'clock'
Slack : -0.394
TNS   : -61.354

Type  : Fast 1100mV 85C Model Setup 'clock'
Slack : -0.728
TNS   : -51.416

Type  : Fast 1100mV 85C Model Hold 'clock'
Slack : 0.144
TNS   : 0.000

Type  : Fast 1100mV 85C Model Minimum Pulse Width 'clock'
Slack : -0.094
TNS   : -9.348

Type  : Fast 1100mV 0C Model Setup 'clock'
Slack : -0.615
TNS   : -42.415

Type  : Fast 1100mV 0C Model Hold 'clock'
Slack : 0.129
TNS   : 0.000

Type  : Fast 1100mV 0C Model Minimum Pulse Width 'clock'
Slack : -0.090
TNS   : -9.185

------------------------------------------------------------
