------------------------------------------------------------
Timing Analyzer Summary
------------------------------------------------------------

Type  : Slow 1100mV 85C Model Setup 'clock'
Slack : -2.308
TNS   : -295.319

Type  : Slow 1100mV 85C Model Hold 'clock'
Slack : 0.277
TNS   : 0.000

Type  : Slow 1100mV 85C Model Recovery 'clock'
Slack : -0.819
TNS   : -40.918

Type  : Slow 1100mV 85C Model Removal 'clock'
Slack : 0.567
TNS   : 0.000

Type  : Slow 1100mV 85C Model Minimum Pulse Width 'clock'
Slack : -0.394
TNS   : -91.905

Type  : Slow 1100mV 0C Model Setup 'clock'
Slack : -2.388
TNS   : -296.620

Type  : Slow 1100mV 0C Model Hold 'clock'
Slack : 0.291
TNS   : 0.000

Type  : Slow 1100mV 0C Model Recovery 'clock'
Slack : -0.760
TNS   : -35.770

Type  : Slow 1100mV 0C Model Removal 'clock'
Slack : 0.520
TNS   : 0.000

Type  : Slow 1100mV 0C Model Minimum Pulse Width 'clock'
Slack : -0.394
TNS   : -99.551

Type  : Fast 1100mV 85C Model Setup 'clock'
Slack : -0.819
TNS   : -91.354

Type  : Fast 1100mV 85C Model Hold 'clock'
Slack : 0.134
TNS   : 0.000

Type  : Fast 1100mV 85C Model Recovery 'clock'
Slack : -0.021
TNS   : -0.296

Type  : Fast 1100mV 85C Model Removal 'clock'
Slack : 0.302
TNS   : 0.000

Type  : Fast 1100mV 85C Model Minimum Pulse Width 'clock'
Slack : -0.091
TNS   : -15.226

Type  : Fast 1100mV 0C Model Setup 'clock'
Slack : -0.732
TNS   : -75.736

Type  : Fast 1100mV 0C Model Hold 'clock'
Slack : 0.122
TNS   : 0.000

Type  : Fast 1100mV 0C Model Recovery 'clock'
Slack : 0.043
TNS   : 0.000

Type  : Fast 1100mV 0C Model Removal 'clock'
Slack : 0.272
TNS   : 0.000

Type  : Fast 1100mV 0C Model Minimum Pulse Width 'clock'
Slack : -0.089
TNS   : -15.141

------------------------------------------------------------
